---
source: crates/wr_world_gen/src/lib.rs
expression: "fields.debug_dump(4).expect(\"debug dump should build\")"
---
{
  "seed_hex": "0x00000000C0FFEE01",
  "resolution": 4,
  "summaries": [
    {
      "field": "height",
      "min": 47.89357,
      "max": 92.486946,
      "mean": 74.013626,
      "stddev": 7.8772006
    },
    {
      "field": "slope",
      "min": 0.0013493357,
      "max": 0.37586507,
      "mean": 0.10715442,
      "stddev": 0.0575
    },
    {
      "field": "drainage",
      "min": 0.3593375,
      "max": 0.69842553,
      "mean": 0.54309654,
      "stddev": 0.06606632
    },
    {
      "field": "moisture",
      "min": 0.31531036,
      "max": 0.6768375,
      "mean": 0.52061284,
      "stddev": 0.07574323
    },
    {
      "field": "fog",
      "min": 0.3100971,
      "max": 0.6685238,
      "mean": 0.4877431,
      "stddev": 0.070740245
    },
    {
      "field": "canopy_opportunity",
      "min": 0.42567527,
      "max": 0.84652925,
      "mean": 0.7000182,
      "stddev": 0.07713955
    },
    {
      "field": "deadfall_probability",
      "min": 0.24405031,
      "max": 0.51646215,
      "mean": 0.40325534,
      "stddev": 0.04346149
    },
    {
      "field": "hero_path_bias",
      "min": 0.0,
      "max": 1.0,
      "mean": 0.14840837,
      "stddev": 0.30687234
    }
  ],
  "fields": {
    "canopy_opportunity": [
      185,
      199,
      185,
      185,
      194,
      190,
      189,
      200,
      198,
      191,
      177,
      142,
      206,
      186,
      178,
      189
    ],
    "deadfall_probability": [
      101,
      88,
      97,
      104,
      100,
      105,
      104,
      103,
      103,
      92,
      113,
      72,
      111,
      103,
      116,
      106
    ],
    "drainage": [
      167,
      132,
      140,
      154,
      175,
      125,
      161,
      134,
      151,
      125,
      124,
      114,
      158,
      130,
      143,
      151
    ],
    "fog": [
      161,
      120,
      116,
      154,
      165,
      112,
      143,
      121,
      136,
      108,
      113,
      98,
      149,
      115,
      130,
      125
    ],
    "height": [
      105,
      170,
      181,
      102,
      86,
      183,
      123,
      161,
      152,
      174,
      155,
      168,
      127,
      175,
      168,
      160
    ],
    "hero_path_bias": [
      0,
      0,
      0,
      0,
      7,
      0,
      0,
      0,
      0,
      30,
      0,
      247,
      0,
      0,
      0,
      0
    ],
    "moisture": [
      166,
      135,
      131,
      155,
      162,
      128,
      145,
      131,
      149,
      117,
      116,
      101,
      157,
      128,
      148,
      134
    ],
    "slope": [
      17,
      21,
      10,
      26,
      5,
      19,
      29,
      19,
      23,
      15,
      47,
      4,
      12,
      32,
      34,
      6
    ]
  }
}
