---
source: crates/wr_world_gen/src/lib.rs
expression: fields.summary_report()
---
{
  "seed_hex": "0x00000000DEADBEEF",
  "width_m": 512.0,
  "height_m": 512.0,
  "cache_resolution": 65,
  "summaries": [
    {
      "field": "height",
      "min": 46.97103,
      "max": 95.54196,
      "mean": 70.69005,
      "stddev": 8.894098
    },
    {
      "field": "slope",
      "min": 0.00319163,
      "max": 0.34339315,
      "mean": 0.09969764,
      "stddev": 0.0532031
    },
    {
      "field": "drainage",
      "min": 0.37758902,
      "max": 0.7665719,
      "mean": 0.57678884,
      "stddev": 0.07951192
    },
    {
      "field": "moisture",
      "min": 0.31869543,
      "max": 0.7431052,
      "mean": 0.55930674,
      "stddev": 0.09102288
    },
    {
      "field": "fog",
      "min": 0.32693207,
      "max": 0.72401774,
      "mean": 0.5259236,
      "stddev": 0.08640664
    },
    {
      "field": "canopy_opportunity",
      "min": 0.43694663,
      "max": 0.86043215,
      "mean": 0.7067165,
      "stddev": 0.08569127
    },
    {
      "field": "deadfall_probability",
      "min": 0.2439686,
      "max": 0.52983934,
      "mean": 0.40761906,
      "stddev": 0.043877784
    },
    {
      "field": "hero_path_bias",
      "min": 0.0,
      "max": 1.0,
      "mean": 0.15075995,
      "stddev": 0.30932382
    }
  ]
}
