---
source: crates/wr_world_gen/src/lib.rs
expression: fields.summary_report()
---
{
  "seed_hex": "0x00000000DEADBEEF",
  "width_m": 512.0,
  "height_m": 512.0,
  "cache_resolution": 65,
  "summaries": [
    {
      "field": "height",
      "min": 41.99025,
      "max": 92.94801,
      "mean": 73.683914,
      "stddev": 8.858562
    },
    {
      "field": "slope",
      "min": 0.0015197481,
      "max": 0.34054077,
      "mean": 0.10614274,
      "stddev": 0.060817007
    },
    {
      "field": "drainage",
      "min": 0.33052248,
      "max": 0.7591535,
      "mean": 0.5555264,
      "stddev": 0.070082396
    },
    {
      "field": "moisture",
      "min": 0.28616,
      "max": 0.7279153,
      "mean": 0.5351298,
      "stddev": 0.075972274
    },
    {
      "field": "fog",
      "min": 0.29860348,
      "max": 0.73947245,
      "mean": 0.4990603,
      "stddev": 0.0730926
    },
    {
      "field": "canopy_opportunity",
      "min": 0.42589295,
      "max": 0.8841613,
      "mean": 0.7095713,
      "stddev": 0.08502265
    },
    {
      "field": "deadfall_probability",
      "min": 0.21934356,
      "max": 0.5617968,
      "mean": 0.40315375,
      "stddev": 0.04814107
    },
    {
      "field": "hero_path_bias",
      "min": 0.0,
      "max": 1.0,
      "mean": 0.1687061,
      "stddev": 0.31974915
    }
  ]
}
