---
source: crates/wr_world_gen/src/lib.rs
expression: "fields.debug_dump(4).expect(\"debug dump should build\")"
---
{
  "seed_hex": "0x00000000C0FFEE01",
  "resolution": 4,
  "summaries": [
    {
      "field": "height",
      "min": 42.58851,
      "max": 92.70001,
      "mean": 68.84553,
      "stddev": 9.889354
    },
    {
      "field": "slope",
      "min": 0.0008041518,
      "max": 0.3277817,
      "mean": 0.10111296,
      "stddev": 0.054931328
    },
    {
      "field": "drainage",
      "min": 0.44906932,
      "max": 0.77197254,
      "mean": 0.5908782,
      "stddev": 0.065558694
    },
    {
      "field": "moisture",
      "min": 0.41332752,
      "max": 0.7472224,
      "mean": 0.5726708,
      "stddev": 0.068141915
    },
    {
      "field": "fog",
      "min": 0.37712905,
      "max": 0.74986494,
      "mean": 0.5416224,
      "stddev": 0.07332515
    },
    {
      "field": "canopy_opportunity",
      "min": 0.44963288,
      "max": 0.85794735,
      "mean": 0.7219258,
      "stddev": 0.07889483
    },
    {
      "field": "deadfall_probability",
      "min": 0.23459524,
      "max": 0.52610344,
      "mean": 0.40604484,
      "stddev": 0.049212355
    },
    {
      "field": "hero_path_bias",
      "min": 0.0,
      "max": 1.0,
      "mean": 0.16289626,
      "stddev": 0.31765494
    }
  ],
  "fields": {
    "canopy_opportunity": [
      215,
      196,
      189,
      193,
      181,
      189,
      195,
      206,
      194,
      194,
      173,
      146,
      181,
      195,
      171,
      209
    ],
    "deadfall_probability": [
      89,
      115,
      98,
      107,
      98,
      115,
      108,
      96,
      107,
      91,
      119,
      76,
      110,
      103,
      113,
      98
    ],
    "drainage": [
      138,
      187,
      175,
      146,
      172,
      160,
      166,
      147,
      157,
      138,
      143,
      126,
      148,
      132,
      121,
      168
    ],
    "fog": [
      126,
      177,
      166,
      127,
      171,
      147,
      155,
      130,
      137,
      131,
      129,
      115,
      126,
      112,
      96,
      151
    ],
    "height": [
      160,
      104,
      76,
      145,
      74,
      116,
      116,
      158,
      148,
      157,
      151,
      136,
      177,
      201,
      199,
      132
    ],
    "hero_path_bias": [
      0,
      0,
      0,
      0,
      75,
      0,
      0,
      0,
      0,
      7,
      3,
      253,
      0,
      0,
      0,
      0
    ],
    "moisture": [
      138,
      186,
      158,
      132,
      166,
      148,
      161,
      142,
      147,
      144,
      139,
      111,
      144,
      135,
      111,
      161
    ],
    "slope": [
      3,
      34,
      15,
      3,
      17,
      21,
      28,
      10,
      9,
      33,
      38,
      9,
      10,
      32,
      11,
      13
    ]
  }
}
